src/application/Interfaces/INotificationRepository.ts(2,44): error TS2304: Cannot find name 'INotification'.
src/application/Interfaces/INotificationRepository.ts(2,69): error TS2304: Cannot find name 'INotification'.
src/application/Interfaces/INotificationRepository.ts(3,89): error TS2304: Cannot find name 'INotification'.
src/application/Interfaces/INotificationRepository.ts(4,47): error TS2304: Cannot find name 'INotification'.
src/application/useCases/AnnouncementUseCase.ts(33,24): error TS2339: Property '_id' does not exist on type 'Teacher'.
src/application/useCases/AnnouncementUseCase.ts(33,60): error TS2339: Property '_id' does not exist on type 'Teacher'.
